-- west build: making build dir D:\matter\zephyr-thread-rt58x\build\t583 pristine
-- west build: generating a build system
Loading Zephyr module(s) (Zephyr base): sysbuild_default
-- Found Python3: C:/Users/Stanley/AppData/Local/Programs/Python/Python312/python.exe (found suitable version "3.12.10", minimum required is "3.12") found components: Interpreter
-- Cache files will be written to: D:/matter/zephyr/.cache
-- Found west (found suitable version "1.5.0", minimum required is "0.14.0")
-- Board: rt583_evb, qualifiers: rt583
Parsing D:/matter/zephyr/share/sysbuild/Kconfig
Loaded configuration 'D:/matter/zephyr-thread-rt58x/build/t583/_sysbuild/empty.conf'
Merged configuration 'D:/matter/zephyr-thread-rt58x/examples/thread/sysbuild.conf'
Configuration saved to 'D:/matter/zephyr-thread-rt58x/build/t583/zephyr/.config'
Kconfig header saved to 'D:/matter/zephyr-thread-rt58x/build/t583/_sysbuild/autoconf.h'
-- 
   *****************************
   * Running CMake for mcuboot *
   *****************************

Loading Zephyr default modules (Zephyr base).
-- Application: D:/matter/bootloader/mcuboot/boot/zephyr
-- CMake version: 4.3.1
-- Found Python3: C:/Users/Stanley/AppData/Local/Programs/Python/Python312/python.exe (found suitable version "3.12.10", minimum required is "3.12") found components: Interpreter
-- Cache files will be written to: D:/matter/zephyr/.cache
-- Zephyr version: 4.4.0-rc1 (D:/matter/zephyr)
-- Found west (found suitable version "1.5.0", minimum required is "0.14.0")
-- Board: rt583_evb, qualifiers: rt583
-- ZEPHYR_TOOLCHAIN_VARIANT not set, trying to locate Zephyr SDK
-- Found host-tools: zephyr 1.0.1 (D:/matter/zephyr-sdk-1.0.1/zephyr-sdk-1.0.1)
-- Found toolchain: zephyr 1.0.1 (D:/matter/zephyr-sdk-1.0.1/zephyr-sdk-1.0.1)
-- Could NOT find Dtc (missing: DTC) (Required is at least version "1.4.6")
Hint: The project() command has not yet been called.  It sets up system-specific search paths.
-- Found BOARD.dts: D:/matter/zephyr-thread-rt58x/boards/arm/rt583_evb/rt583_evb.dts
-- Found devicetree overlay: D:/matter/zephyr-thread-rt58x/examples/thread/sysbuild/mcuboot/boards/rt583_evb.overlay
-- Generated zephyr.dts: D:/matter/zephyr-thread-rt58x/build/t583/mcuboot/zephyr/zephyr.dts
-- Generated pickled edt: D:/matter/zephyr-thread-rt58x/build/t583/mcuboot/zephyr/edt.pickle
-- Generated devicetree_generated.h: D:/matter/zephyr-thread-rt58x/build/t583/mcuboot/zephyr/include/generated/zephyr/devicetree_generated.h
Parsing D:/matter/bootloader/mcuboot/boot/zephyr/Kconfig
Loaded configuration 'D:/matter/zephyr-thread-rt58x/boards/arm/rt583_evb/rt583_evb_defconfig'
Merged configuration 'D:/matter/zephyr-thread-rt58x/examples/thread/sysbuild/mcuboot/prj.conf'
Merged configuration 'D:/matter/zephyr-thread-rt58x/build/t583/mcuboot/zephyr/.config.sysbuild'
Configuration saved to 'D:/matter/zephyr-thread-rt58x/build/t583/mcuboot/zephyr/.config'
Kconfig header saved to 'D:/matter/zephyr-thread-rt58x/build/t583/mcuboot/zephyr/include/generated/zephyr/autoconf.h'
-- Found GnuLd: D:/matter/zephyr-sdk-1.0.1/zephyr-sdk-1.0.1/gnu/arm-zephyr-eabi/arm-zephyr-eabi/bin/ld.bfd.exe (found version "2.43.1")
-- The C compiler identification is GNU 14.3.0
-- The CXX compiler identification is GNU 14.3.0
-- The ASM compiler identification is GNU
-- Found assembler: D:/matter/zephyr-sdk-1.0.1/zephyr-sdk-1.0.1/gnu/arm-zephyr-eabi/bin/arm-zephyr-eabi-gcc.exe
-- Found gen_kobject_list: D:/matter/zephyr/scripts/build/gen_kobject_list.py
MCUBoot bootloader key file: D:/matter/bootloader/mcuboot/root-ed25519.pem
CMake Warning at CMakeLists.txt:343 (message):
  WARNING: Using default MCUboot signing key file, this file is for debug use
  only and is not secure!


Calculated maximum number of sectors: 232
-- Configuring done (11.5s)
-- Generating done (0.4s)
-- Build files have been written to: D:/matter/zephyr-thread-rt58x/build/t583/mcuboot
-- 
   ****************************
   * Running CMake for thread *
   ****************************

Loading Zephyr default modules (Zephyr base).
-- Application: D:/matter/zephyr-thread-rt58x/examples/thread
-- CMake version: 4.3.1
-- Found Python3: C:/Users/Stanley/AppData/Local/Programs/Python/Python312/python.exe (found suitable version "3.12.10", minimum required is "3.12") found components: Interpreter
-- Cache files will be written to: D:/matter/zephyr/.cache
-- Zephyr version: 4.4.0-rc1 (D:/matter/zephyr)
-- Found west (found suitable version "1.5.0", minimum required is "0.14.0")
-- Board: rt583_evb, qualifiers: rt583
-- ZEPHYR_TOOLCHAIN_VARIANT not set, trying to locate Zephyr SDK
-- Found host-tools: zephyr 1.0.1 (D:/matter/zephyr-sdk-1.0.1/zephyr-sdk-1.0.1)
-- Found toolchain: zephyr 1.0.1 (D:/matter/zephyr-sdk-1.0.1/zephyr-sdk-1.0.1)
-- Could NOT find Dtc (missing: DTC) (Required is at least version "1.4.6")
Hint: The project() command has not yet been called.  It sets up system-specific search paths.
-- Found BOARD.dts: D:/matter/zephyr-thread-rt58x/boards/arm/rt583_evb/rt583_evb.dts
-- Generated zephyr.dts: D:/matter/zephyr-thread-rt58x/build/t583/thread/zephyr/zephyr.dts
-- Generated pickled edt: D:/matter/zephyr-thread-rt58x/build/t583/thread/zephyr/edt.pickle
-- Generated devicetree_generated.h: D:/matter/zephyr-thread-rt58x/build/t583/thread/zephyr/include/generated/zephyr/devicetree_generated.h

warning: MCUBOOT_UPDATE_FOOTER_SIZE (defined at subsys/dfu/Kconfig:55) was assigned the value '0x30'
but got the value ''. Check these unsatisfied dependencies: MCUBOOT_IMG_MANAGER (=n), IMG_MANAGER
(=n). See http://docs.zephyrproject.org/latest/kconfig.html#CONFIG_MCUBOOT_UPDATE_FOOTER_SIZE and/or
look up MCUBOOT_UPDATE_FOOTER_SIZE in the menuconfig/guiconfig interface. The Application
Development Primer, Setting Configuration Values, and Kconfig - Tips and Best Practices sections of
the manual might be helpful too.


warning: NET_L2_IEEE802154 (defined at D:/matter/zephyr/soc/nxp/kinetis\kwx\Kconfig.defconfig:15, subsys/net/l2/ieee802154/Kconfig:4) has direct dependencies (SOC_SERIES_KWX && SOC_FAMILY_KINETIS) || NETWORKING with value n, but is currently being y-selected by the following symbols:
 - IEEE802154_RAFAEL_FULL (defined at D:/matter/zephyr-thread-rt58x\drivers/ieee802154/Kconfig:21), with value y, direct dependencies IEEE802154_RAFAEL (value: y), and select condition IEEE802154_RAFAEL (value: y)
Parsing D:/matter/zephyr-thread-rt58x/Kconfig
Loaded configuration 'D:/matter/zephyr-thread-rt58x/boards/arm/rt583_evb/rt583_evb_defconfig'
Merged configuration 'D:/matter/zephyr-thread-rt58x/examples/thread/prj.conf'
Merged configuration 'D:/matter/zephyr-thread-rt58x/build/t583/thread/zephyr/.config.sysbuild'

error: Aborting due to Kconfig warnings

CMake Error at D:/matter/zephyr/cmake/modules/kconfig.cmake:424 (message):
  command failed with return code: 1
Call Stack (most recent call first):
  D:/matter/zephyr/cmake/modules/zephyr_default.cmake:129 (include)
  D:/matter/zephyr/share/zephyr-package/cmake/ZephyrConfig.cmake:66 (include)
  D:/matter/zephyr/share/zephyr-package/cmake/ZephyrConfig.cmake:92 (include_boilerplate)
  CMakeLists.txt:17 (find_package)


-- Configuring incomplete, errors occurred!
CMake Error at cmake/modules/sysbuild_extensions.cmake:722 (message):
  CMake configure failed for Zephyr project: thread

  Location: D:/matter/zephyr-thread-rt58x/examples/thread
Call Stack (most recent call first):
  cmake/modules/sysbuild_images.cmake:43 (ExternalZephyrProject_Cmake)
  cmake/modules/sysbuild_default.cmake:21 (include)
  D:/matter/zephyr/share/zephyr-package/cmake/ZephyrConfig.cmake:75 (include)
  D:/matter/zephyr/share/zephyr-package/cmake/ZephyrConfig.cmake:92 (include_boilerplate)
  D:/matter/zephyr/share/sysbuild-package/cmake/SysbuildConfig.cmake:8 (include)
  template/CMakeLists.txt:10 (find_package)


-- Configuring incomplete, errors occurred!
FATAL ERROR: command exited with status 1: 'C:\Program Files\CMake\bin\cmake.EXE' -DWEST_PYTHON=C:/Users/Stanley/AppData/Local/Programs/Python/Python312/python.exe '-BD:\matter\zephyr-thread-rt58x\build\t583' -GNinja -DBOARD=rt583_evb '-SD:\matter\zephyr\share\sysbuild'
